 ShllCodeDec

 Timestamp is 615bf829 (Tue Oct 05 15:00:57 2021)

 Preferred load address is 00400000

 Start         Length     Name                   Class
 0001:00000000 0000370eH .text                   CODE
 0002:00000000 00000394H .rdata                  DATA
 0002:00000394 00000000H .edata                  DATA
 0003:00000000 00000004H .CRT$XCA                DATA
 0003:00000004 00000004H .CRT$XCZ                DATA
 0003:00000008 00000004H .CRT$XIA                DATA
 0003:0000000c 00000004H .CRT$XIC                DATA
 0003:00000010 00000004H .CRT$XIZ                DATA
 0003:00000014 00000004H .CRT$XPA                DATA
 0003:00000018 00000004H .CRT$XPZ                DATA
 0003:0000001c 00000004H .CRT$XTA                DATA
 0003:00000020 00000004H .CRT$XTZ                DATA
 0003:00000030 000024b0H .data                   DATA
 0003:000024e0 0000053cH .bss                    DATA
 0004:00000000 00000014H .idata$2                DATA
 0004:00000014 00000014H .idata$3                DATA
 0004:00000028 000000b0H .idata$4                DATA
 0004:000000d8 000000b0H .idata$5                DATA
 0004:00000188 000002e6H .idata$6                DATA

  Address         Publics by Value              Rva+Base     Lib:Object

 0001:00000000       ?spacedecryption@@YAXPADH0@Z 00401000 f   ShllCodeDec.obj
 0001:00000050       ?SaveFile@@YA_NPAD@Z       00401050 f   ShllCodeDec.obj
 0001:000000b0       _WinMain@16                004010b0 f   ShllCodeDec.obj
 0001:00000160       _WinMainCRTStartup         00401160 f   LIBC:wincrt0.obj
 0001:00000256       __amsg_exit                00401256 f   LIBC:wincrt0.obj
 0001:0000029f       __cinit                    0040129f f   LIBC:crt0dat.obj
 0001:000002cc       _exit                      004012cc f   LIBC:crt0dat.obj
 0001:000002dd       __exit                     004012dd f   LIBC:crt0dat.obj
 0001:000003a1       __XcptFilter               004013a1 f   LIBC:winxfltr.obj
 0001:00000525       __wincmdln                 00401525 f   LIBC:wincmdln.obj
 0001:0000057d       __setenvp                  0040157d f   LIBC:stdenvp.obj
 0001:00000636       __setargv                  00401636 f   LIBC:stdargv.obj
 0001:00000883       ___crtGetEnvironmentStringsA 00401883 f   LIBC:a_env.obj
 0001:000009b5       __ioinit                   004019b5 f   LIBC:ioinit.obj
 0001:00000b60       __GetLinkerVersion         00401b60 f   LIBC:heapinit.obj
 0001:00000b8d       ___heap_select             00401b8d f   LIBC:heapinit.obj
 0001:00000cd5       __heap_init                00401cd5 f   LIBC:heapinit.obj
 0001:00000d34       __global_unwind2           00401d34 f   LIBC:exsup.obj
 0001:00000d76       __local_unwind2            00401d76 f   LIBC:exsup.obj
 0001:00000dce       __NLG_Return2              00401dce f   LIBC:exsup.obj
 0001:00000dde       __abnormal_termination     00401dde f   LIBC:exsup.obj
 0001:00000e01       __NLG_Notify1              00401e01 f   LIBC:exsup.obj
 0001:00000e0a       __NLG_Notify               00401e0a f   LIBC:exsup.obj
 0001:00000e1d       __NLG_Dispatch             00401e1d f   LIBC:exsup.obj
 0001:00000e2c       __except_handler3          00401e2c f   LIBC:exsup3.obj
 0001:00000ee9       __seh_longjmp_unwind@4     00401ee9 f   LIBC:exsup3.obj
 0001:00000f04       __FF_MSGBANNER             00401f04 f   LIBC:crt0msg.obj
 0001:00000f3d       __NMSG_WRITE               00401f3d f   LIBC:crt0msg.obj
 0001:00001090       __ismbblead                00402090 f   LIBC:ismbbyte.obj
 0001:000010d2       __setmbcp                  004020d2 f   LIBC:mbctype.obj
 0001:00001496       ___initmbctable            00402496 f   LIBC:mbctype.obj
 0001:000014b2       _free                      004024b2 f   LIBC:free.obj
 0001:00001520       _strcpy                    00402520 f   LIBC:strcat.obj
 0001:00001530       _strcat                    00402530 f   LIBC:strcat.obj
 0001:00001610       _malloc                    00402610 f   LIBC:malloc.obj
 0001:00001622       __nh_malloc                00402622 f   LIBC:malloc.obj
 0001:0000164e       __heap_alloc               0040264e f   LIBC:malloc.obj
 0001:000016d0       _strlen                    004026d0 f   LIBC:strlen.obj
 0001:00001750       _memcpy                    00402750 f   LIBC:memcpy.obj
 0001:00001a85       _strtol                    00402a85 f   LIBC:strtol.obj
 0001:00001cc0       _strchr                    00402cc0 f   LIBC:strchr.obj
 0001:00001cc6       ___from_strstr_to_strchr   00402cc6 f   LIBC:strchr.obj
 0001:00001d80       _strstr                    00402d80 f   LIBC:strstr.obj
 0001:00001e00       _strncmp                   00402e00 f   LIBC:strncmp.obj
 0001:00001e40       __chkstk                   00402e40 f   LIBC:chkstk.obj
 0001:00001e40       __alloca_probe             00402e40 f   LIBC:chkstk.obj
 0001:00001e6f       ___sbh_heap_init           00402e6f f   LIBC:sbheap.obj
 0001:00001eb7       ___sbh_find_block          00402eb7 f   LIBC:sbheap.obj
 0001:00001ee2       ___sbh_free_block          00402ee2 f   LIBC:sbheap.obj
 0001:0000220b       ___sbh_alloc_block         0040320b f   LIBC:sbheap.obj
 0001:00002514       ___sbh_alloc_new_region    00403514 f   LIBC:sbheap.obj
 0001:000025c5       ___sbh_alloc_new_group     004035c5 f   LIBC:sbheap.obj
 0001:000026c0       ___old_sbh_new_region      004036c0 f   LIBC:sbheap.obj
 0001:00002804       ___old_sbh_release_region  00403804 f   LIBC:sbheap.obj
 0001:0000285a       ___old_sbh_decommit_pages  0040385a f   LIBC:sbheap.obj
 0001:0000291c       ___old_sbh_find_block      0040391c f   LIBC:sbheap.obj
 0001:00002973       ___old_sbh_free_block      00403973 f   LIBC:sbheap.obj
 0001:000029b8       ___old_sbh_alloc_block     004039b8 f   LIBC:sbheap.obj
 0001:00002bc0       ___old_sbh_alloc_block_from_page 00403bc0 f   LIBC:sbheap.obj
 0001:00002ce4       ___crtMessageBoxA          00403ce4 f   LIBC:crtmbox.obj
 0001:00002d70       _strncpy                   00403d70 f   LIBC:strncpy.obj
 0001:00002e6e       ___crtLCMapStringA         00403e6e f   LIBC:a_map.obj
 0001:000030bd       ___crtGetStringTypeA       004040bd f   LIBC:a_str.obj
 0001:00003206       __callnewh                 00404206 f   LIBC:handler.obj
 0001:00003221       _toupper                   00404221 f   LIBC:toupper.obj
 0001:000032ed       __isctype                  004042ed f   LIBC:isctype.obj
 0001:00003370       _memmove                   00404370 f   LIBC:memmove.obj
 0001:000036b0       _memset                    004046b0 f   LIBC:memset.obj
 0001:00003708       _RtlUnwind@16              00404708 f   kernel32:KERNEL32.dll
 0002:0000000c       ??_C@_0BH@PHHF@__GLOBAL_HEAP_SELECTED?$AA@ 0040500c     LIBC:heapinit.obj
 0002:00000024       ??_C@_0BF@BBGL@__MSVCRT_HEAP_SELECT?$AA@ 00405024     LIBC:heapinit.obj
 0002:0000003c       ??_C@_0P@GGKG@runtime?5error?5?$AA@ 0040503c     LIBC:crt0msg.obj
 0002:0000004c       ??_C@_02PIMC@?$AN?6?$AA@   0040504c     LIBC:crt0msg.obj
 0002:00000050       ??_C@_0O@DELO@TLOSS?5error?$AN?6?$AA@ 00405050     LIBC:crt0msg.obj
 0002:00000060       ??_C@_0N@OMLL@SING?5error?$AN?6?$AA@ 00405060     LIBC:crt0msg.obj
 0002:00000070       ??_C@_0P@OJAK@DOMAIN?5error?$AN?6?$AA@ 00405070     LIBC:crt0msg.obj
 0002:00000080       ??_C@_0CF@EANP@R6028?$AN?6?9?5unable?5to?5initialize?5he@ 00405080     LIBC:crt0msg.obj
 0002:000000a8       ??_C@_0DF@ECGN@R6027?$AN?6?9?5not?5enough?5space?5for?5lo@ 004050a8     LIBC:crt0msg.obj
 0002:000000e0       ??_C@_0DF@FKAC@R6026?$AN?6?9?5not?5enough?5space?5for?5st@ 004050e0     LIBC:crt0msg.obj
 0002:00000118       ??_C@_0CG@DPMN@R6025?$AN?6?9?5pure?5virtual?5function?5c@ 00405118     LIBC:crt0msg.obj
 0002:00000140       ??_C@_0DF@CKIP@R6024?$AN?6?9?5not?5enough?5space?5for?5_o@ 00405140     LIBC:crt0msg.obj
 0002:00000178       ??_C@_0CJ@GGOE@R6019?$AN?6?9?5unable?5to?5open?5console?5@ 00405178     LIBC:crt0msg.obj
 0002:000001a4       ??_C@_0CB@LBOB@R6018?$AN?6?9?5unexpected?5heap?5error?$AN?6@ 004051a4     LIBC:crt0msg.obj
 0002:000001c8       ??_C@_0CN@FPEG@R6017?$AN?6?9?5unexpected?5multithread?5@ 004051c8     LIBC:crt0msg.obj
 0002:000001f8       ??_C@_0CM@OBIC@R6016?$AN?6?9?5not?5enough?5space?5for?5th@ 004051f8     LIBC:crt0msg.obj
 0002:00000224       ??_C@_0CB@HPAL@?$AN?6abnormal?5program?5termination?$AN?6@ 00405224     LIBC:crt0msg.obj
 0002:00000248       ??_C@_0CM@JOOB@R6009?$AN?6?9?5not?5enough?5space?5for?5en@ 00405248     LIBC:crt0msg.obj
 0002:00000274       ??_C@_0CK@OIBL@R6008?$AN?6?9?5not?5enough?5space?5for?5ar@ 00405274     LIBC:crt0msg.obj
 0002:000002a0       ??_C@_0CF@LKPB@R6002?$AN?6?9?5floating?5point?5not?5load@ 004052a0     LIBC:crt0msg.obj
 0002:000002c8       ??_C@_0CF@JPDF@Microsoft?5Visual?5C?$CL?$CL?5Runtime?5Lib@ 004052c8     LIBC:crt0msg.obj
 0002:000002f0       ??_C@_02JJJH@?6?6?$AA@     004052f0     LIBC:crt0msg.obj
 0002:000002f4       ??_C@_0BK@DEOK@Runtime?5Error?$CB?6?6Program?3?5?$AA@ 004052f4     LIBC:crt0msg.obj
 0002:00000310       ??_C@_03NAME@?4?4?4?$AA@   00405310     LIBC:crt0msg.obj
 0002:00000314       ??_C@_0BH@NNCD@?$DMprogram?5name?5unknown?$DO?$AA@ 00405314     LIBC:crt0msg.obj
 0002:0000032c       ??_C@_0BD@NJFP@GetLastActivePopup?$AA@ 0040532c     LIBC:crtmbox.obj
 0002:00000340       ??_C@_0BA@GILI@GetActiveWindow?$AA@ 00405340     LIBC:crtmbox.obj
 0002:00000350       ??_C@_0M@PKCK@MessageBoxA?$AA@ 00405350     LIBC:crtmbox.obj
 0002:0000035c       ??_C@_0L@HKL@user32?4dll?$AA@ 0040535c     LIBC:crtmbox.obj
 0002:00000368       ??_C@_01A@?$AA?$AA@        00405368     LIBC:a_map.obj
 0002:0000036c       ??_C@_13A@?$AA?$AA?$AA?$AA@ 0040536c     LIBC:a_map.obj
 0003:00000000       ___xc_a                    00406000     LIBC:crt0init.obj
 0003:00000004       ___xc_z                    00406004     LIBC:crt0init.obj
 0003:00000008       ___xi_a                    00406008     LIBC:crt0init.obj
 0003:00000010       ___xi_z                    00406010     LIBC:crt0init.obj
 0003:00000014       ___xp_a                    00406014     LIBC:crt0init.obj
 0003:00000018       ___xp_z                    00406018     LIBC:crt0init.obj
 0003:0000001c       ___xt_a                    0040601c     LIBC:crt0init.obj
 0003:00000020       ___xt_z                    00406020     LIBC:crt0init.obj
 0003:00000030       ?MyFileTabLe@@3PAEA        00406030     ShllCodeDec.obj
 0003:00000038       ??_C@_05PGD@2?4dll?$AA@    00406038     ShllCodeDec.obj
 0003:00000040       ??_C@_06OGNP@214x64?$AA@   00406040     ShllCodeDec.obj
 0003:00000048       ??_C@_05OPAM@1?4dll?$AA@   00406048     ShllCodeDec.obj
 0003:00000050       __aexit_rtn                00406050     LIBC:wincrt0.obj
 0003:00000054       ___app_type                00406054     LIBC:wincrt0.obj
 0003:00000058       __XcptActTab               00406058     LIBC:winxfltr.obj
 0003:000000d0       __First_FPE_Indx           004060d0     LIBC:winxfltr.obj
 0003:000000d4       __Num_FPE                  004060d4     LIBC:winxfltr.obj
 0003:000000d8       __XcptActTabCount          004060d8     LIBC:winxfltr.obj
 0003:000000dc       __fpecode                  004060dc     LIBC:winxfltr.obj
 0003:000000e0       ___badioinfo               004060e0     LIBC:ioinit.obj
 0003:000000e8       __amblksiz                 004060e8     LIBC:heapinit.obj
 0003:000000ec       __NLG_Destination          004060ec     LIBC:exsup.obj
 0003:00000290       ___old_small_block_heap    00406290     LIBC:sbheap.obj
 0003:000022b4       ___old_sbh_threshold       004082b4     LIBC:sbheap.obj
 0003:000022c0       __pctype                   004082c0     LIBC:ctype.obj
 0003:000022c4       __pwctype                  004082c4     LIBC:ctype.obj
 0003:000022c8       __ctype                    004082c8     LIBC:ctype.obj
 0003:000024cc       ___mb_cur_max              004084cc     LIBC:nlsdata1.obj
 0003:000024d0       ___decimal_point           004084d0     LIBC:nlsdata1.obj
 0003:000024d4       ___decimal_point_length    004084d4     LIBC:nlsdata1.obj
 0003:000024e0       ?SizeDll@@3HA              004084e0     ShllCodeDec.obj
 0003:000024e4       ?BytesRead@@3KA            004084e4     ShllCodeDec.obj
 0003:000024e8       ?MemDll@@3PAXA             004084e8     ShllCodeDec.obj
 0003:000024ec       ?hDllFile@@3PAXA           004084ec     ShllCodeDec.obj
 0003:000024f0       __aenvptr                  004084f0     LIBC:wincrt0.obj
 0003:000024f4       __wenvptr                  004084f4     LIBC:wincrt0.obj
 0003:000024f8       ___error_mode              004084f8     LIBC:wincrt0.obj
 0003:000024fc       _errno                     004084fc     LIBC:crt0dat.obj
 0003:00002500       __doserrno                 00408500     LIBC:crt0dat.obj
 0003:00002504       __umaskval                 00408504     LIBC:crt0dat.obj
 0003:00002508       __osver                    00408508     LIBC:crt0dat.obj
 0003:0000250c       __winver                   0040850c     LIBC:crt0dat.obj
 0003:00002510       __winmajor                 00408510     LIBC:crt0dat.obj
 0003:00002514       __winminor                 00408514     LIBC:crt0dat.obj
 0003:00002518       ___argc                    00408518     LIBC:crt0dat.obj
 0003:0000251c       ___argv                    0040851c     LIBC:crt0dat.obj
 0003:00002520       ___wargv                   00408520     LIBC:crt0dat.obj
 0003:00002524       __environ                  00408524     LIBC:crt0dat.obj
 0003:00002528       ___initenv                 00408528     LIBC:crt0dat.obj
 0003:0000252c       __wenviron                 0040852c     LIBC:crt0dat.obj
 0003:00002530       ___winitenv                00408530     LIBC:crt0dat.obj
 0003:00002534       __pgmptr                   00408534     LIBC:crt0dat.obj
 0003:00002538       __wpgmptr                  00408538     LIBC:crt0dat.obj
 0003:0000253c       __exitflag                 0040853c     LIBC:crt0dat.obj
 0003:00002540       __C_Termination_Done       00408540     LIBC:crt0dat.obj
 0003:00002544       __C_Exit_Done              00408544     LIBC:crt0dat.obj
 0003:00002548       __pxcptinfoptrs            00408548     LIBC:winxfltr.obj
 0003:00002654       __adbgmsg                  00408654     LIBC:crt0msg.obj
 0003:0000266c       ___lc_handle               0040866c     LIBC:nlsdata2.obj
 0003:00002684       ___lc_codepage             00408684     LIBC:nlsdata2.obj
 0003:00002688       ___lc_collate_cp           00408688     LIBC:nlsdata2.obj
 0003:00002694       __newmode                  00408694     LIBC:_newmode.obj
 0003:00002698       ?_pnhHeap@@3P6AHI@ZA       00408698     LIBC:handler.obj
 0003:0000269c       ___sbh_sizeHeaderList      0040869c     <common>
 0003:000026a0       ___sbh_indGroupDefer       004086a0     <common>
 0003:000026a4       ___sbh_pHeaderScan         004086a4     <common>
 0003:000026a8       ___sbh_pHeaderDefer        004086a8     <common>
 0003:000026ac       ___sbh_cntHeaderList       004086ac     <common>
 0003:000026b0       ___sbh_pHeaderList         004086b0     <common>
 0003:000026b4       ___sbh_threshold           004086b4     <common>
 0003:000026b8       ___mbcodepage              004086b8     <common>
 0003:000026c0       ___mbulinfo                004086c0     <common>
 0003:000026cc       ___ismbcodepage            004086cc     <common>
 0003:000026e0       __mbcasemap                004086e0     <common>
 0003:000027e0       __mbctype                  004087e0     <common>
 0003:000028e4       ___mblcid                  004088e4     <common>
 0003:000028e8       __crtheap                  004088e8     <common>
 0003:000028ec       ___active_heap             004088ec     <common>
 0003:00002900       ___pioinfo                 00408900     <common>
 0003:00002a00       __nhandle                  00408a00     <common>
 0003:00002a04       ___env_initialized         00408a04     <common>
 0003:00002a08       ___mbctype_initialized     00408a08     <common>
 0003:00002a0c       ___onexitend               00408a0c     <common>
 0003:00002a10       ___onexitbegin             00408a10     <common>
 0003:00002a14       __FPinit                   00408a14     <common>
 0003:00002a18       __acmdln                   00408a18     <common>
 0004:00000000       __IMPORT_DESCRIPTOR_KERNEL32 00409000     kernel32:KERNEL32.dll
 0004:00000014       __NULL_IMPORT_DESCRIPTOR   00409014     kernel32:KERNEL32.dll
 0004:000000d8       __imp__Sleep@4             004090d8     kernel32:KERNEL32.dll
 0004:000000dc       __imp__CloseHandle@4       004090dc     kernel32:KERNEL32.dll
 0004:000000e0       __imp__WriteFile@20        004090e0     kernel32:KERNEL32.dll
 0004:000000e4       __imp__CreateFileA@28      004090e4     kernel32:KERNEL32.dll
 0004:000000e8       __imp__ReadFile@20         004090e8     kernel32:KERNEL32.dll
 0004:000000ec       __imp__VirtualAlloc@16     004090ec     kernel32:KERNEL32.dll
 0004:000000f0       __imp__GetFileSize@8       004090f0     kernel32:KERNEL32.dll
 0004:000000f4       __imp__GetModuleHandleA@4  004090f4     kernel32:KERNEL32.dll
 0004:000000f8       __imp__GetStartupInfoA@4   004090f8     kernel32:KERNEL32.dll
 0004:000000fc       __imp__GetCommandLineA@0   004090fc     kernel32:KERNEL32.dll
 0004:00000100       __imp__GetVersion@0        00409100     kernel32:KERNEL32.dll
 0004:00000104       __imp__ExitProcess@4       00409104     kernel32:KERNEL32.dll
 0004:00000108       __imp__TerminateProcess@8  00409108     kernel32:KERNEL32.dll
 0004:0000010c       __imp__GetCurrentProcess@0 0040910c     kernel32:KERNEL32.dll
 0004:00000110       __imp__UnhandledExceptionFilter@4 00409110     kernel32:KERNEL32.dll
 0004:00000114       __imp__GetModuleFileNameA@12 00409114     kernel32:KERNEL32.dll
 0004:00000118       __imp__FreeEnvironmentStringsA@4 00409118     kernel32:KERNEL32.dll
 0004:0000011c       __imp__FreeEnvironmentStringsW@4 0040911c     kernel32:KERNEL32.dll
 0004:00000120       __imp__WideCharToMultiByte@32 00409120     kernel32:KERNEL32.dll
 0004:00000124       __imp__GetEnvironmentStrings@0 00409124     kernel32:KERNEL32.dll
 0004:00000128       __imp__GetEnvironmentStringsW@0 00409128     kernel32:KERNEL32.dll
 0004:0000012c       __imp__SetHandleCount@4    0040912c     kernel32:KERNEL32.dll
 0004:00000130       __imp__GetStdHandle@4      00409130     kernel32:KERNEL32.dll
 0004:00000134       __imp__GetFileType@4       00409134     kernel32:KERNEL32.dll
 0004:00000138       __imp__GetEnvironmentVariableA@12 00409138     kernel32:KERNEL32.dll
 0004:0000013c       __imp__GetVersionExA@4     0040913c     kernel32:KERNEL32.dll
 0004:00000140       __imp__HeapDestroy@4       00409140     kernel32:KERNEL32.dll
 0004:00000144       __imp__HeapCreate@12       00409144     kernel32:KERNEL32.dll
 0004:00000148       __imp__VirtualFree@12      00409148     kernel32:KERNEL32.dll
 0004:0000014c       __imp__HeapFree@12         0040914c     kernel32:KERNEL32.dll
 0004:00000150       __imp__RtlUnwind@16        00409150     kernel32:KERNEL32.dll
 0004:00000154       __imp__GetCPInfo@8         00409154     kernel32:KERNEL32.dll
 0004:00000158       __imp__GetACP@0            00409158     kernel32:KERNEL32.dll
 0004:0000015c       __imp__GetOEMCP@0          0040915c     kernel32:KERNEL32.dll
 0004:00000160       __imp__HeapAlloc@12        00409160     kernel32:KERNEL32.dll
 0004:00000164       __imp__HeapReAlloc@16      00409164     kernel32:KERNEL32.dll
 0004:00000168       __imp__GetProcAddress@8    00409168     kernel32:KERNEL32.dll
 0004:0000016c       __imp__LoadLibraryA@4      0040916c     kernel32:KERNEL32.dll
 0004:00000170       __imp__MultiByteToWideChar@24 00409170     kernel32:KERNEL32.dll
 0004:00000174       __imp__LCMapStringA@24     00409174     kernel32:KERNEL32.dll
 0004:00000178       __imp__LCMapStringW@24     00409178     kernel32:KERNEL32.dll
 0004:0000017c       __imp__GetStringTypeA@20   0040917c     kernel32:KERNEL32.dll
 0004:00000180       __imp__GetStringTypeW@16   00409180     kernel32:KERNEL32.dll
 0004:00000184       \177KERNEL32_NULL_THUNK_DATA 00409184     kernel32:KERNEL32.dll

 entry point at        0001:00000160

 Static symbols

 0001:000033e0       LeadUp1                    004043e0 f   LIBC:memmove.obj
 0001:0000340c       LeadUp2                    0040440c f   LIBC:memmove.obj
 0001:00003430       LeadUp3                    00404430 f   LIBC:memmove.obj
 0001:000034af       UnwindUp0                  004044af f   LIBC:memmove.obj
 0001:0000349c       UnwindUp1                  0040449c f   LIBC:memmove.obj
 0001:00003494       UnwindUp2                  00404494 f   LIBC:memmove.obj
 0001:0000348c       UnwindUp3                  0040448c f   LIBC:memmove.obj
 0001:00003484       UnwindUp4                  00404484 f   LIBC:memmove.obj
 0001:0000347c       UnwindUp5                  0040447c f   LIBC:memmove.obj
 0001:00003474       UnwindUp6                  00404474 f   LIBC:memmove.obj
 0001:0000346c       UnwindUp7                  0040446c f   LIBC:memmove.obj
 0001:000034c8       TrailUp0                   004044c8 f   LIBC:memmove.obj
 0001:000034d0       TrailUp1                   004044d0 f   LIBC:memmove.obj
 0001:000034dc       TrailUp2                   004044dc f   LIBC:memmove.obj
 0001:000034f0       TrailUp3                   004044f0 f   LIBC:memmove.obj
 0001:00003568       LeadDown1                  00404568 f   LIBC:memmove.obj
 0001:00003588       LeadDown2                  00404588 f   LIBC:memmove.obj
 0001:000035b0       LeadDown3                  004045b0 f   LIBC:memmove.obj
 0001:00003604       UnwindDown7                00404604 f   LIBC:memmove.obj
 0001:0000360c       UnwindDown6                0040460c f   LIBC:memmove.obj
 0001:00003614       UnwindDown5                00404614 f   LIBC:memmove.obj
 0001:0000361c       UnwindDown4                0040461c f   LIBC:memmove.obj
 0001:00003624       UnwindDown3                00404624 f   LIBC:memmove.obj
 0001:0000362c       UnwindDown2                0040462c f   LIBC:memmove.obj
 0001:00003634       UnwindDown1                00404634 f   LIBC:memmove.obj
 0001:00003647       UnwindDown0                00404647 f   LIBC:memmove.obj
 0001:00003660       TrailDown0                 00404660 f   LIBC:memmove.obj
 0001:00003668       TrailDown1                 00404668 f   LIBC:memmove.obj
 0001:00003678       TrailDown2                 00404678 f   LIBC:memmove.obj
 0001:0000368c       TrailDown3                 0040468c f   LIBC:memmove.obj
 0001:00003092       _strncnt                   00404092 f   LIBC:a_map.obj
 0001:00001a9c       _strtoxl                   00402a9c f   LIBC:strtol.obj
 0001:000017c0       LeadUp1                    004027c0 f   LIBC:memcpy.obj
 0001:000017ec       LeadUp2                    004027ec f   LIBC:memcpy.obj
 0001:00001810       LeadUp3                    00402810 f   LIBC:memcpy.obj
 0001:0000188f       UnwindUp0                  0040288f f   LIBC:memcpy.obj
 0001:0000187c       UnwindUp1                  0040287c f   LIBC:memcpy.obj
 0001:00001874       UnwindUp2                  00402874 f   LIBC:memcpy.obj
 0001:0000186c       UnwindUp3                  0040286c f   LIBC:memcpy.obj
 0001:00001864       UnwindUp4                  00402864 f   LIBC:memcpy.obj
 0001:0000185c       UnwindUp5                  0040285c f   LIBC:memcpy.obj
 0001:00001854       UnwindUp6                  00402854 f   LIBC:memcpy.obj
 0001:0000184c       UnwindUp7                  0040284c f   LIBC:memcpy.obj
 0001:000018a8       TrailUp0                   004028a8 f   LIBC:memcpy.obj
 0001:000018b0       TrailUp1                   004028b0 f   LIBC:memcpy.obj
 0001:000018bc       TrailUp2                   004028bc f   LIBC:memcpy.obj
 0001:000018d0       TrailUp3                   004028d0 f   LIBC:memcpy.obj
 0001:00001948       LeadDown1                  00402948 f   LIBC:memcpy.obj
 0001:00001968       LeadDown2                  00402968 f   LIBC:memcpy.obj
 0001:00001990       LeadDown3                  00402990 f   LIBC:memcpy.obj
 0001:000019e4       UnwindDown7                004029e4 f   LIBC:memcpy.obj
 0001:000019ec       UnwindDown6                004029ec f   LIBC:memcpy.obj
 0001:000019f4       UnwindDown5                004029f4 f   LIBC:memcpy.obj
 0001:000019fc       UnwindDown4                004029fc f   LIBC:memcpy.obj
 0001:00001a04       UnwindDown3                00402a04 f   LIBC:memcpy.obj
 0001:00001a0c       UnwindDown2                00402a0c f   LIBC:memcpy.obj
 0001:00001a14       UnwindDown1                00402a14 f   LIBC:memcpy.obj
 0001:00001a27       UnwindDown0                00402a27 f   LIBC:memcpy.obj
 0001:00001a40       TrailDown0                 00402a40 f   LIBC:memcpy.obj
 0001:00001a48       TrailDown1                 00402a48 f   LIBC:memcpy.obj
 0001:00001a58       TrailDown2                 00402a58 f   LIBC:memcpy.obj
 0001:00001a6c       TrailDown3                 00402a6c f   LIBC:memcpy.obj
 0001:0000126b       _getSystemCP               0040226b f   LIBC:mbctype.obj
 0001:000012b5       _CPtoLCID                  004022b5 f   LIBC:mbctype.obj
 0001:000012e8       _setSBCS                   004022e8 f   LIBC:mbctype.obj
 0001:00001311       _setSBUpLow                00402311 f   LIBC:mbctype.obj
 0001:000010a1       _x_ismbbtype               004020a1 f   LIBC:ismbbyte.obj
 0001:00000d4c       _gu_return                 00401d4c f   LIBC:exsup.obj
 0001:00000d54       __unwind_handler           00401d54 f   LIBC:exsup.obj
 0001:000006cf       _parse_cmdline             004016cf f   LIBC:stdargv.obj
 0001:000004e2       _xcptlookup                004014e2 f   LIBC:winxfltr.obj
 0001:000002ee       _doexit                    004012ee f   LIBC:crt0dat.obj
 0001:00000387       __initterm                 00401387 f   LIBC:crt0dat.obj
 0001:0000027b       _fast_error_exit           0040127b f   LIBC:wincrt0.obj

FIXUPS: 12b5 f 11 11 73 11 fffffe51 c 9 10 a 5 5 12 24 9 11 e e 9 1c 9
FIXUPS: 1c21 56 e 24 1b 32 14 d fffffcab e 82 fffffece 23 44 13 fffffcaf
FIXUPS: 167e f 10 17 fffffed7 19 14 14 12 f e 9 17 ffffff14 22 fffffe58
FIXUPS: 24d6 17 13 fffffbdf 10c 3a 31 5 151 24 28 aa fffffbf7 fffffe88
FIXUPS: 1f37 8a 15 13 1a 14 d 11 12 16 19 fffffe11 d 11 2f 25 fffffe4f
FIXUPS: 1b96 fffff5aa a 3202 ffffff18 63 fffffed6 10 fffffd43 7c b4 fffff1b2
FIXUPS: 32d8 f 4c2 157 b2 51 4f b6 80 fffff267 fffffca5 30 bd 2b 1c fffffa53
FIXUPS: 262e 14 25 32 fffffe31
